// Jest Snapshot v1, https://goo.gl/fbAQLP

exports[`components:Board matches the snapshot 1`] = `
<StyledComponent
  forwardedComponent={
    Object {
      "$$typeof": Symbol(react.forward_ref),
      "attrs": Array [],
      "componentStyle": ComponentStyle {
        "componentId": "sc-bdVaJa",
        "isStatic": true,
        "rules": Array [
          "
  align-self: center;
  display: grid;
  grid-area: board;
  grid-gap: 0;
  grid-template-areas: 'zero one two' 'three four five' 'six seven eight';
  grid-template-columns: 20vh 20vh 20vh;
  grid-template-rows: 20vh 20vh 20vh;
  height: 60vh;
  justify-self: center;
  margin: auto;
  width: 60vh;
",
        ],
      },
      "displayName": "Board",
      "foldedComponentIds": Array [],
      "render": [Function],
      "styledComponentId": "sc-bdVaJa",
      "target": "div",
      "toString": [Function],
      "warnTooManyClasses": [Function],
      "withComponent": [Function],
    }
  }
  forwardedRef={null}
/>
`;
